// Jest Snapshot v1, https://goo.gl/fbAQLP

exports[`ArticleListView tests should render correctly 1`] = `
<RCTSafeAreaView
  emulateUnlessSupported={true}
  style={
    Object {
      "flex": 1,
    }
  }
>
  <RCTScrollView
    data={Array []}
    disableVirtualization={false}
    getItem={[Function]}
    getItemCount={[Function]}
    horizontal={false}
    initialNumToRender={10}
    keyExtractor={[Function]}
    maxToRenderPerBatch={10}
    onContentSizeChange={[Function]}
    onEndReachedThreshold={2}
    onLayout={[Function]}
    onMomentumScrollEnd={[Function]}
    onScroll={[Function]}
    onScrollBeginDrag={[Function]}
    onScrollEndDrag={[Function]}
    removeClippedSubviews={false}
    renderItem={[Function]}
    scrollEventThrottle={50}
    stickyHeaderIndices={Array []}
    updateCellsBatchingPeriod={50}
    viewabilityConfigCallbackPairs={Array []}
    windowSize={21}
  >
    <View />
  </RCTScrollView>
</RCTSafeAreaView>
`;

exports[`ArticleSingleView tests should render correctly 1`] = `
<RCTSafeAreaView
  emulateUnlessSupported={true}
>
  <RCTScrollView>
    <View>
      <View>
        <Text
          testID="title"
        >
          test title
        </Text>
        <Image
          source={
            Object {
              "uri": undefined,
            }
          }
          style={
            Object {
              "height": 200,
              "width": 300,
            }
          }
        />
        <Text
          testID="date"
        >
          test date
        </Text>
        <Text
          testID="content"
        >
          test content
        </Text>
      </View>
    </View>
  </RCTScrollView>
</RCTSafeAreaView>
`;
